---
source: src/core/jit/builder.rs
expression: plan.into_nested()
---
[
    Field {
        id: 0,
        parent_id: None,
        name: "createUser",
        output_name: "createUser",
        ir: "Some(..)",
        type_of: User,
        type_condition: Some(
            "Mutation",
        ),
        args: [
            Arg {
                id: 0,
                name: "user",
                type_of: InputUser!,
                value: Some(
                    Object(
                        {
                            Name(
                                "id",
                            ): Number(
                                Number(101),
                            ),
                            Name(
                                "name",
                            ): String(
                                "Tailcall",
                            ),
                            Name(
                                "email",
                            ): String(
                                "tailcall@tailcall.run",
                            ),
                            Name(
                                "phone",
                            ): String(
                                "2345234234",
                            ),
                            Name(
                                "username",
                            ): String(
                                "tailcall",
                            ),
                            Name(
                                "website",
                            ): String(
                                "tailcall.run",
                            ),
                        },
                    ),
                ),
                default_value: None,
            },
        ],
        selection: [
            Field {
                id: 1,
                parent_id: Some(
                    0,
                ),
                name: "id",
                output_name: "id",
                type_of: ID!,
                type_condition: Some(
                    "User",
                ),
                directives: [],
            },
            Field {
                id: 2,
                parent_id: Some(
                    0,
                ),
                name: "name",
                output_name: "name",
                type_of: String!,
                type_condition: Some(
                    "User",
                ),
                directives: [],
            },
            Field {
                id: 3,
                parent_id: Some(
                    0,
                ),
                name: "email",
                output_name: "email",
                type_of: String!,
                type_condition: Some(
                    "User",
                ),
                directives: [],
            },
            Field {
                id: 4,
                parent_id: Some(
                    0,
                ),
                name: "phone",
                output_name: "phone",
                type_of: String,
                type_condition: Some(
                    "User",
                ),
                directives: [],
            },
            Field {
                id: 5,
                parent_id: Some(
                    0,
                ),
                name: "website",
                output_name: "website",
                type_of: String,
                type_condition: Some(
                    "User",
                ),
                directives: [],
            },
            Field {
                id: 6,
                parent_id: Some(
                    0,
                ),
                name: "username",
                output_name: "username",
                type_of: String!,
                type_condition: Some(
                    "User",
                ),
                directives: [],
            },
        ],
        directives: [],
    },
]
