---
source: src/core/jit/builder.rs
expression: plan.into_nested()
---
[
    Field {
        id: 0,
        parent_id: None,
        name: "user",
        output_name: "user",
        ir: "Some(..)",
        type_of: User,
        type_condition: Some(
            "Query",
        ),
        args: [
            Arg {
                id: 0,
                name: "id",
                type_of: ID!,
                value: Some(
                    Number(
                        Number(1),
                    ),
                ),
                default_value: None,
            },
        ],
        selection: [
            Field {
                id: 1,
                parent_id: Some(
                    0,
                ),
                name: "id",
                output_name: "id",
                type_of: ID!,
                type_condition: Some(
                    "User",
                ),
                directives: [],
            },
            Field {
                id: 2,
                parent_id: Some(
                    0,
                ),
                name: "username",
                output_name: "username",
                type_of: String!,
                type_condition: Some(
                    "User",
                ),
                directives: [],
            },
        ],
        directives: [],
    },
    Field {
        id: 3,
        parent_id: None,
        name: "posts",
        output_name: "posts",
        ir: "Some(..)",
        type_of: [Post],
        type_condition: Some(
            "Query",
        ),
        selection: [
            Field {
                id: 4,
                parent_id: Some(
                    3,
                ),
                name: "id",
                output_name: "id",
                type_of: ID!,
                type_condition: Some(
                    "Post",
                ),
                directives: [],
            },
            Field {
                id: 5,
                parent_id: Some(
                    3,
                ),
                name: "title",
                output_name: "title",
                type_of: String!,
                type_condition: Some(
                    "Post",
                ),
                directives: [],
            },
        ],
        directives: [],
    },
]
