---
source: src/core/jit/builder.rs
expression: plan.into_nested()
---
[
    Field {
        id: 0,
        parent_id: None,
        name: "posts",
        output_name: "posts",
        ir: "Some(..)",
        type_of: [Post],
        type_condition: Some(
            "Query",
        ),
        selection: [
            Field {
                id: 1,
                parent_id: Some(
                    0,
                ),
                name: "user",
                output_name: "user",
                ir: "Some(..)",
                type_of: User,
                type_condition: Some(
                    "Post",
                ),
                selection: [
                    Field {
                        id: 2,
                        parent_id: Some(
                            1,
                        ),
                        name: "id",
                        output_name: "id",
                        type_of: ID!,
                        type_condition: Some(
                            "User",
                        ),
                        directives: [],
                    },
                ],
                directives: [],
            },
        ],
        directives: [],
    },
]
