---
source: src/core/jit/builder.rs
expression: plan.into_nested()
---
[
    Field {
        id: 0,
        parent_id: None,
        name: "posts",
        output_name: "posts",
        ir: "Some(..)",
        type_of: [Post],
        type_condition: Some(
            "Query",
        ),
        selection: [
            Field {
                id: 1,
                parent_id: Some(
                    0,
                ),
                name: "id",
                output_name: "id",
                type_of: ID!,
                type_condition: Some(
                    "Post",
                ),
                directives: [],
            },
            Field {
                id: 2,
                parent_id: Some(
                    0,
                ),
                name: "userId",
                output_name: "userId",
                type_of: ID!,
                type_condition: Some(
                    "Post",
                ),
                directives: [],
            },
            Field {
                id: 3,
                parent_id: Some(
                    0,
                ),
                name: "title",
                output_name: "title",
                type_of: String!,
                type_condition: Some(
                    "Post",
                ),
                directives: [],
            },
        ],
        directives: [],
    },
]
