---
source: src/core/jit/builder.rs
expression: plan.into_nested()
---
[
    Field {
        id: 0,
        parent_id: None,
        name: "getUserIdOrEmail",
        output_name: "getUserIdOrEmail",
        ir: "Some(..)",
        type_of: UserIdOrEmail,
        type_condition: Some(
            "Query",
        ),
        args: [
            Arg {
                id: 0,
                name: "id",
                type_of: ID!,
                value: Some(
                    Number(
                        Number(1),
                    ),
                ),
                default_value: None,
            },
        ],
        selection: [
            Field {
                id: 1,
                parent_id: Some(
                    0,
                ),
                name: "id",
                output_name: "id",
                type_of: ID!,
                type_condition: Some(
                    "UserId",
                ),
                directives: [],
            },
            Field {
                id: 2,
                parent_id: Some(
                    0,
                ),
                name: "email",
                output_name: "email",
                type_of: String!,
                type_condition: Some(
                    "UserEmail",
                ),
                directives: [],
            },
        ],
        directives: [],
    },
]
