---
source: src/core/jit/builder.rs
expression: plan.into_nested()
---
[
    Field {
        id: 0,
        parent_id: None,
        name: "users",
        output_name: "users",
        ir: "Some(..)",
        type_of: [User],
        type_condition: Some(
            "Query",
        ),
        selection: [
            Field {
                id: 1,
                parent_id: Some(
                    0,
                ),
                name: "id",
                output_name: "id",
                type_of: ID!,
                type_condition: Some(
                    "User",
                ),
                directives: [
                    Directive {
                        name: "options",
                        arguments: [
                            (
                                "paging",
                                Variable(
                                    Name(
                                        "includeName",
                                    ),
                                ),
                            ),
                        ],
                    },
                ],
            },
            Field {
                id: 2,
                parent_id: Some(
                    0,
                ),
                name: "name",
                output_name: "name",
                type_of: String!,
                type_condition: Some(
                    "User",
                ),
                include: Some(
                    Variable(
                        "includeName",
                    ),
                ),
                directives: [],
            },
        ],
        directives: [],
    },
]
