---
source: src/core/config/transformer/merge_types/type_merger.rs
expression: config.to_sdl()
---
schema @server @upstream {
  query: Query
}

type Query {
  bar: GEN__M1
  foo: GEN__M1
}

type GEN__M1 {
  id: Int
  name: JSON
}
