---
source: src/core/config/config_module/merge.rs
expression: merged.to_sdl()
---
schema @server @upstream {
  query: Query
}

enum enumInput {
  B
}

enum enumOutput {
  A
  B
  C
}

type Query {
  a: A
}

type A {
  a(x: enumInput): enumOutput
}
