---
source: src/core/config/config_module/merge.rs
expression: merged.to_sdl()
---
schema @server @upstream {
  query: Query
}

type Query {
  a: A
}

type A {
  a: String
  b: Int
  c: Boolean
  d: Float!
  e: String
}
