---
source: src/core/generator/generator.rs
expression: cfg_module.config().to_sdl()
---
schema @server @upstream(allowedHeaders: ["authorization"]) {
  query: Query
}

type Query {
  inCompatibleProperties: InCompatibleProperty @http(url: "https://example.com/")
}

type InCompatibleProperty {
  campaignTemplates: JSON
  colors: [JSON]
}
