---
source: tests/core/spec.rs
expression: formatter
snapshot_kind: text
---
schema @server(headers: {custom: [{key: "a", value: "a"}]}) @upstream {
  query: Query
}

type Query {
  user: User @expr(body: {name: "John"})
}

type User {
  age: Int
  name: String
}
