---
source: tests/core/spec.rs
expression: formatter
snapshot_kind: text
---
schema @server @upstream @link(src: "graphql-with-link.graphql", type: Config) {
  query: Query
}

type Post {
  id: Int!
  user: User
    @graphQL(args: [{key: "id", value: "{{.value.userId}}"}], url: "http://jsonplaceholder.typicode.com", name: "user")
  userId: Int!
}

type Query {
  post(id: Int!): Post @http(url: "http://jsonplaceholder.typicode.com/posts/{{.args.id}}")
}

type User {
  id: Int
  name: String
}
