---
source: tests/core/spec.rs
expression: errors
---
[
  {
    "message": "Query parameter must be a scalar",
    "trace": [
      "Query",
      "findEmployees",
      "@http"
    ],
    "description": null
  }
]
