---
source: tests/core/spec.rs
expression: formatter
snapshot_kind: text
---
schema @server @upstream(allowedHeaders: ["a", "b", "c"]) {
  query: Query
}

type Query {
  hello: String @expr(body: "world")
}
